// Jest Snapshot v1, https://goo.gl/fbAQLP

exports[`progressbar component render 1`] = `
<View
  style={
    {
      "alignItems": "center",
      "backgroundColor": "rgba(255,255,255,0.8)",
      "height": "100%",
      "justifyContent": "center",
      "position": "absolute",
      "width": "100%",
    }
  }
>
  <View
    style={
      {
        "borderStartColor": "red",
        "flexDirection": "row",
        "marginTop": -50,
      }
    }
  >
    <View
      style={
        [
          {
            "backgroundColor": "black",
            "borderRadius": 10,
            "height": 20,
            "marginHorizontal": 5,
            "opacity": 0.5,
            "width": 20,
          },
          {
            "opacity": 1,
          },
        ]
      }
      testID="dot"
    />
    <View
      style={
        [
          {
            "backgroundColor": "black",
            "borderRadius": 10,
            "height": 20,
            "marginHorizontal": 5,
            "opacity": 0.5,
            "width": 20,
          },
          {
            "opacity": 0.4,
          },
        ]
      }
      testID="dot"
    />
    <View
      style={
        [
          {
            "backgroundColor": "black",
            "borderRadius": 10,
            "height": 20,
            "marginHorizontal": 5,
            "opacity": 0.5,
            "width": 20,
          },
          {
            "opacity": 0.2,
          },
        ]
      }
      testID="dot"
    />
  </View>
</View>
`;
